#
# There is insufficient memory for the Java Runtime Environment to continue.
# Native memory allocation (malloc) failed to allocate 98928 bytes for Chunk::new
# Possible reasons:
#   The system is out of physical RAM or swap space
#   The process is running with CompressedOops enabled, and the Java Heap may be blocking the growth of the native heap
# Possible solutions:
#   Reduce memory load on the system
#   Increase physical memory or swap space
#   Check if swap backing store is full
#   Decrease Java heap size (-Xmx/-Xms)
#   Decrease number of Java threads
#   Decrease Java thread stack sizes (-Xss)
#   Set larger code cache with -XX:ReservedCodeCacheSize=
#   JVM is running with Unscaled Compressed Oops mode in which the Java heap is
#     placed in the first 4GB address space. The Java Heap base address is the
#     maximum limit for the native heap growth. Please use -XX:HeapBaseMinAddress
#     to set the Java Heap base and to place the Java Heap above 4GB virtual address.
# This output file may be truncated or incomplete.
#
#  Out of Memory Error (arena.cpp:189), pid=18412, tid=3612
#
# JRE version: Java(TM) SE Runtime Environment (17.0.9+11) (build 17.0.9+11-LTS-201)
# Java VM: Java HotSpot(TM) 64-Bit Server VM (17.0.9+11-LTS-201, mixed mode, sharing, tiered, compressed oops, compressed class ptrs, g1 gc, windows-amd64)
# No core dump will be written. Minidumps are not enabled by default on client versions of Windows
#

---------------  S U M M A R Y ------------

Command Line: -Xmx64m -Xms64m -Dorg.gradle.appname=gradlew org.gradle.wrapper.GradleWrapperMain tasks

Host: Intel(R) Core(TM) i5-3320M CPU @ 2.60GHz, 4 cores, 7G,  Windows 10 , 64 bit Build 19041 (10.0.19041.3636)
Time: Mon Jul  1 17:30:38 2024 Pakistan Standard Time elapsed time: 3.714953 seconds (0d 0h 0m 3s)

---------------  T H R E A D  ---------------

Current thread (0x0000027f96931360):  JavaThread "C2 CompilerThread0" daemon [_thread_in_native, id=3612, stack(0x000000b3bd200000,0x000000b3bd300000)]


Current CompileTask:
C2:   3740  387 %     4       java.lang.StringLatin1::toLowerCase @ 117 (186 bytes)

Stack: [0x000000b3bd200000,0x000000b3bd300000]
Native frames: (J=compiled Java code, j=interpreted, Vv=VM code, C=native code)
V  [jvm.dll+0x678a4a]
V  [jvm.dll+0x7d9cfd]
V  [jvm.dll+0x7db60e]
V  [jvm.dll+0x7dbc73]
V  [jvm.dll+0x245e1f]
V  [jvm.dll+0xaaafb]
V  [jvm.dll+0xab09c]
V  [jvm.dll+0x36237e]
V  [jvm.dll+0x32ca01]
V  [jvm.dll+0x32be9a]
V  [jvm.dll+0x21812f]
V  [jvm.dll+0x217561]
V  [jvm.dll+0x1a3bc0]
V  [jvm.dll+0x2272de]
V  [jvm.dll+0x22548b]
V  [jvm.dll+0x78f58c]
V  [jvm.dll+0x78998a]
V  [jvm.dll+0x677875]
C  [ucrtbase.dll+0x21bb2]
C  [KERNEL32.DLL+0x17344]
C  [ntdll.dll+0x4cc91]


---------------  P R O C E S S  ---------------

Threads class SMR info:
_java_thread_list=0x0000027f96b6efe0, length=12, elements={
0x0000027ffb1ce450, 0x0000027f968e52d0, 0x0000027f968e6870, 0x0000027f968fa7d0,
0x0000027f968fd3b0, 0x0000027f969026d0, 0x0000027f969085a0, 0x0000027f96931360,
0x0000027f96932d70, 0x0000027f96935780, 0x0000027f96b6c410, 0x0000027f96b6f8d0
}

Java Threads: ( => current thread )
  0x0000027ffb1ce450 JavaThread "main" [_thread_in_native, id=11064, stack(0x000000b3bc500000,0x000000b3bc600000)]
  0x0000027f968e52d0 JavaThread "Reference Handler" daemon [_thread_blocked, id=10988, stack(0x000000b3bcc00000,0x000000b3bcd00000)]
  0x0000027f968e6870 JavaThread "Finalizer" daemon [_thread_blocked, id=2200, stack(0x000000b3bcd00000,0x000000b3bce00000)]
  0x0000027f968fa7d0 JavaThread "Signal Dispatcher" daemon [_thread_blocked, id=7224, stack(0x000000b3bce00000,0x000000b3bcf00000)]
  0x0000027f968fd3b0 JavaThread "Attach Listener" daemon [_thread_blocked, id=11796, stack(0x000000b3bcf00000,0x000000b3bd000000)]
  0x0000027f969026d0 JavaThread "Service Thread" daemon [_thread_blocked, id=7612, stack(0x000000b3bd000000,0x000000b3bd100000)]
  0x0000027f969085a0 JavaThread "Monitor Deflation Thread" daemon [_thread_blocked, id=15976, stack(0x000000b3bd100000,0x000000b3bd200000)]
=>0x0000027f96931360 JavaThread "C2 CompilerThread0" daemon [_thread_in_native, id=3612, stack(0x000000b3bd200000,0x000000b3bd300000)]
  0x0000027f96932d70 JavaThread "C1 CompilerThread0" daemon [_thread_blocked, id=14136, stack(0x000000b3bd300000,0x000000b3bd400000)]
  0x0000027f96935780 JavaThread "Sweeper thread" daemon [_thread_blocked, id=2456, stack(0x000000b3bd400000,0x000000b3bd500000)]
  0x0000027f96b6c410 JavaThread "Notification Thread" daemon [_thread_blocked, id=10532, stack(0x000000b3bd500000,0x000000b3bd600000)]
  0x0000027f96b6f8d0 JavaThread "Common-Cleaner" daemon [_thread_blocked, id=10528, stack(0x000000b3bd700000,0x000000b3bd800000)]

Other Threads:
  0x0000027ffd36e7a0 VMThread "VM Thread" [stack: 0x000000b3bcb00000,0x000000b3bcc00000] [id=14640]
  0x0000027ffd2cc9e0 WatcherThread [stack: 0x000000b3bd600000,0x000000b3bd700000] [id=4468]
  0x0000027ffd2bacb0 GCTaskThread "GC Thread#0" [stack: 0x000000b3bc600000,0x000000b3bc700000] [id=8636]
  0x0000027ffd2bc400 ConcurrentGCThread "G1 Main Marker" [stack: 0x000000b3bc700000,0x000000b3bc800000] [id=11784]
  0x0000027ffd2bd5b0 ConcurrentGCThread "G1 Conc#0" [stack: 0x000000b3bc800000,0x000000b3bc900000] [id=10836]
  0x0000027ffd30c130 ConcurrentGCThread "G1 Refine#0" [stack: 0x000000b3bc900000,0x000000b3bca00000] [id=3108]
  0x0000027ffd30cb60 ConcurrentGCThread "G1 Service" [stack: 0x000000b3bca00000,0x000000b3bcb00000] [id=9484]

Threads with active compile tasks:
C2 CompilerThread0     3919  387 %     4       java.lang.StringLatin1::toLowerCase @ 117 (186 bytes)

VM state: not at safepoint (normal execution)

VM Mutex/Monitor currently owned by a thread: None

Heap address: 0x00000000fc000000, size: 64 MB, Compressed Oops mode: 32-bit

CDS archive(s) mapped at: [0x0000027f97000000-0x0000027f97bd0000-0x0000027f97bd0000), size 12386304, SharedBaseAddress: 0x0000027f97000000, ArchiveRelocationMode: 1.
Compressed class space mapped at: 0x0000027f98000000-0x0000027fd8000000, reserved size: 1073741824
Narrow klass base: 0x0000027f97000000, Narrow klass shift: 0, Narrow klass range: 0x100000000

GC Precious Log:
 CPUs: 4 total, 4 available
 Memory: 8055M
 Large Page Support: Disabled
 NUMA Support: Disabled
 Compressed Oops: Enabled (32-bit)
 Heap Region Size: 1M
 Heap Min Capacity: 64M
 Heap Initial Capacity: 64M
 Heap Max Capacity: 64M
 Pre-touch: Disabled
 Parallel Workers: 4
 Concurrent Workers: 1
 Concurrent Refinement Workers: 4
 Periodic GC: Disabled

Heap:
 garbage-first heap   total 65536K, used 5120K [0x00000000fc000000, 0x0000000100000000)
  region size 1024K, 7 young (7168K), 0 survivors (0K)
 Metaspace       used 1653K, committed 1728K, reserved 1114112K
  class space    used 156K, committed 192K, reserved 1048576K

Heap Regions: E=young(eden), S=young(survivor), O=old, HS=humongous(starts), HC=humongous(continues), CS=collection set, F=free, OA=open archive, CA=closed archive, TAMS=top-at-mark-start (previous, next)
|   0|0x00000000fc000000, 0x00000000fc000000, 0x00000000fc100000|  0%| F|  |TAMS 0x00000000fc000000, 0x00000000fc000000| Untracked 
|   1|0x00000000fc100000, 0x00000000fc100000, 0x00000000fc200000|  0%| F|  |TAMS 0x00000000fc100000, 0x00000000fc100000| Untracked 
|   2|0x00000000fc200000, 0x00000000fc200000, 0x00000000fc300000|  0%| F|  |TAMS 0x00000000fc200000, 0x00000000fc200000| Untracked 
|   3|0x00000000fc300000, 0x00000000fc300000, 0x00000000fc400000|  0%| F|  |TAMS 0x00000000fc300000, 0x00000000fc300000| Untracked 
|   4|0x00000000fc400000, 0x00000000fc400000, 0x00000000fc500000|  0%| F|  |TAMS 0x00000000fc400000, 0x00000000fc400000| Untracked 
|   5|0x00000000fc500000, 0x00000000fc500000, 0x00000000fc600000|  0%| F|  |TAMS 0x00000000fc500000, 0x00000000fc500000| Untracked 
|   6|0x00000000fc600000, 0x00000000fc600000, 0x00000000fc700000|  0%| F|  |TAMS 0x00000000fc600000, 0x00000000fc600000| Untracked 
|   7|0x00000000fc700000, 0x00000000fc700000, 0x00000000fc800000|  0%| F|  |TAMS 0x00000000fc700000, 0x00000000fc700000| Untracked 
|   8|0x00000000fc800000, 0x00000000fc800000, 0x00000000fc900000|  0%| F|  |TAMS 0x00000000fc800000, 0x00000000fc800000| Untracked 
|   9|0x00000000fc900000, 0x00000000fc900000, 0x00000000fca00000|  0%| F|  |TAMS 0x00000000fc900000, 0x00000000fc900000| Untracked 
|  10|0x00000000fca00000, 0x00000000fca00000, 0x00000000fcb00000|  0%| F|  |TAMS 0x00000000fca00000, 0x00000000fca00000| Untracked 
|  11|0x00000000fcb00000, 0x00000000fcb00000, 0x00000000fcc00000|  0%| F|  |TAMS 0x00000000fcb00000, 0x00000000fcb00000| Untracked 
|  12|0x00000000fcc00000, 0x00000000fcc00000, 0x00000000fcd00000|  0%| F|  |TAMS 0x00000000fcc00000, 0x00000000fcc00000| Untracked 
|  13|0x00000000fcd00000, 0x00000000fcd00000, 0x00000000fce00000|  0%| F|  |TAMS 0x00000000fcd00000, 0x00000000fcd00000| Untracked 
|  14|0x00000000fce00000, 0x00000000fce00000, 0x00000000fcf00000|  0%| F|  |TAMS 0x00000000fce00000, 0x00000000fce00000| Untracked 
|  15|0x00000000fcf00000, 0x00000000fcf00000, 0x00000000fd000000|  0%| F|  |TAMS 0x00000000fcf00000, 0x00000000fcf00000| Untracked 
|  16|0x00000000fd000000, 0x00000000fd000000, 0x00000000fd100000|  0%| F|  |TAMS 0x00000000fd000000, 0x00000000fd000000| Untracked 
|  17|0x00000000fd100000, 0x00000000fd100000, 0x00000000fd200000|  0%| F|  |TAMS 0x00000000fd100000, 0x00000000fd100000| Untracked 
|  18|0x00000000fd200000, 0x00000000fd200000, 0x00000000fd300000|  0%| F|  |TAMS 0x00000000fd200000, 0x00000000fd200000| Untracked 
|  19|0x00000000fd300000, 0x00000000fd300000, 0x00000000fd400000|  0%| F|  |TAMS 0x00000000fd300000, 0x00000000fd300000| Untracked 
|  20|0x00000000fd400000, 0x00000000fd400000, 0x00000000fd500000|  0%| F|  |TAMS 0x00000000fd400000, 0x00000000fd400000| Untracked 
|  21|0x00000000fd500000, 0x00000000fd500000, 0x00000000fd600000|  0%| F|  |TAMS 0x00000000fd500000, 0x00000000fd500000| Untracked 
|  22|0x00000000fd600000, 0x00000000fd600000, 0x00000000fd700000|  0%| F|  |TAMS 0x00000000fd600000, 0x00000000fd600000| Untracked 
|  23|0x00000000fd700000, 0x00000000fd700000, 0x00000000fd800000|  0%| F|  |TAMS 0x00000000fd700000, 0x00000000fd700000| Untracked 
|  24|0x00000000fd800000, 0x00000000fd800000, 0x00000000fd900000|  0%| F|  |TAMS 0x00000000fd800000, 0x00000000fd800000| Untracked 
|  25|0x00000000fd900000, 0x00000000fd900000, 0x00000000fda00000|  0%| F|  |TAMS 0x00000000fd900000, 0x00000000fd900000| Untracked 
|  26|0x00000000fda00000, 0x00000000fda00000, 0x00000000fdb00000|  0%| F|  |TAMS 0x00000000fda00000, 0x00000000fda00000| Untracked 
|  27|0x00000000fdb00000, 0x00000000fdb00000, 0x00000000fdc00000|  0%| F|  |TAMS 0x00000000fdb00000, 0x00000000fdb00000| Untracked 
|  28|0x00000000fdc00000, 0x00000000fdc00000, 0x00000000fdd00000|  0%| F|  |TAMS 0x00000000fdc00000, 0x00000000fdc00000| Untracked 
|  29|0x00000000fdd00000, 0x00000000fdd00000, 0x00000000fde00000|  0%| F|  |TAMS 0x00000000fdd00000, 0x00000000fdd00000| Untracked 
|  30|0x00000000fde00000, 0x00000000fde00000, 0x00000000fdf00000|  0%| F|  |TAMS 0x00000000fde00000, 0x00000000fde00000| Untracked 
|  31|0x00000000fdf00000, 0x00000000fdf00000, 0x00000000fe000000|  0%| F|  |TAMS 0x00000000fdf00000, 0x00000000fdf00000| Untracked 
|  32|0x00000000fe000000, 0x00000000fe000000, 0x00000000fe100000|  0%| F|  |TAMS 0x00000000fe000000, 0x00000000fe000000| Untracked 
|  33|0x00000000fe100000, 0x00000000fe100000, 0x00000000fe200000|  0%| F|  |TAMS 0x00000000fe100000, 0x00000000fe100000| Untracked 
|  34|0x00000000fe200000, 0x00000000fe200000, 0x00000000fe300000|  0%| F|  |TAMS 0x00000000fe200000, 0x00000000fe200000| Untracked 
|  35|0x00000000fe300000, 0x00000000fe300000, 0x00000000fe400000|  0%| F|  |TAMS 0x00000000fe300000, 0x00000000fe300000| Untracked 
|  36|0x00000000fe400000, 0x00000000fe400000, 0x00000000fe500000|  0%| F|  |TAMS 0x00000000fe400000, 0x00000000fe400000| Untracked 
|  37|0x00000000fe500000, 0x00000000fe500000, 0x00000000fe600000|  0%| F|  |TAMS 0x00000000fe500000, 0x00000000fe500000| Untracked 
|  38|0x00000000fe600000, 0x00000000fe600000, 0x00000000fe700000|  0%| F|  |TAMS 0x00000000fe600000, 0x00000000fe600000| Untracked 
|  39|0x00000000fe700000, 0x00000000fe700000, 0x00000000fe800000|  0%| F|  |TAMS 0x00000000fe700000, 0x00000000fe700000| Untracked 
|  40|0x00000000fe800000, 0x00000000fe800000, 0x00000000fe900000|  0%| F|  |TAMS 0x00000000fe800000, 0x00000000fe800000| Untracked 
|  41|0x00000000fe900000, 0x00000000fe900000, 0x00000000fea00000|  0%| F|  |TAMS 0x00000000fe900000, 0x00000000fe900000| Untracked 
|  42|0x00000000fea00000, 0x00000000fea00000, 0x00000000feb00000|  0%| F|  |TAMS 0x00000000fea00000, 0x00000000fea00000| Untracked 
|  43|0x00000000feb00000, 0x00000000feb00000, 0x00000000fec00000|  0%| F|  |TAMS 0x00000000feb00000, 0x00000000feb00000| Untracked 
|  44|0x00000000fec00000, 0x00000000fec00000, 0x00000000fed00000|  0%| F|  |TAMS 0x00000000fec00000, 0x00000000fec00000| Untracked 
|  45|0x00000000fed00000, 0x00000000fed00000, 0x00000000fee00000|  0%| F|  |TAMS 0x00000000fed00000, 0x00000000fed00000| Untracked 
|  46|0x00000000fee00000, 0x00000000fee00000, 0x00000000fef00000|  0%| F|  |TAMS 0x00000000fee00000, 0x00000000fee00000| Untracked 
|  47|0x00000000fef00000, 0x00000000fef00000, 0x00000000ff000000|  0%| F|  |TAMS 0x00000000fef00000, 0x00000000fef00000| Untracked 
|  48|0x00000000ff000000, 0x00000000ff000000, 0x00000000ff100000|  0%| F|  |TAMS 0x00000000ff000000, 0x00000000ff000000| Untracked 
|  49|0x00000000ff100000, 0x00000000ff100000, 0x00000000ff200000|  0%| F|  |TAMS 0x00000000ff100000, 0x00000000ff100000| Untracked 
|  50|0x00000000ff200000, 0x00000000ff200000, 0x00000000ff300000|  0%| F|  |TAMS 0x00000000ff200000, 0x00000000ff200000| Untracked 
|  51|0x00000000ff300000, 0x00000000ff300000, 0x00000000ff400000|  0%| F|  |TAMS 0x00000000ff300000, 0x00000000ff300000| Untracked 
|  52|0x00000000ff400000, 0x00000000ff400000, 0x00000000ff500000|  0%| F|  |TAMS 0x00000000ff400000, 0x00000000ff400000| Untracked 
|  53|0x00000000ff500000, 0x00000000ff500000, 0x00000000ff600000|  0%| F|  |TAMS 0x00000000ff500000, 0x00000000ff500000| Untracked 
|  54|0x00000000ff600000, 0x00000000ff600000, 0x00000000ff700000|  0%| F|  |TAMS 0x00000000ff600000, 0x00000000ff600000| Untracked 
|  55|0x00000000ff700000, 0x00000000ff700000, 0x00000000ff800000|  0%| F|  |TAMS 0x00000000ff700000, 0x00000000ff700000| Untracked 
|  56|0x00000000ff800000, 0x00000000ff800000, 0x00000000ff900000|  0%| F|  |TAMS 0x00000000ff800000, 0x00000000ff800000| Untracked 
|  57|0x00000000ff900000, 0x00000000ff9c8420, 0x00000000ffa00000| 78%| E|  |TAMS 0x00000000ff900000, 0x00000000ff900000| Complete 
|  58|0x00000000ffa00000, 0x00000000ffb00000, 0x00000000ffb00000|100%| E|CS|TAMS 0x00000000ffa00000, 0x00000000ffa00000| Complete 
|  59|0x00000000ffb00000, 0x00000000ffc00000, 0x00000000ffc00000|100%| E|CS|TAMS 0x00000000ffb00000, 0x00000000ffb00000| Complete 
|  60|0x00000000ffc00000, 0x00000000ffd00000, 0x00000000ffd00000|100%| E|CS|TAMS 0x00000000ffc00000, 0x00000000ffc00000| Complete 
|  61|0x00000000ffd00000, 0x00000000ffe00000, 0x00000000ffe00000|100%| E|  |TAMS 0x00000000ffd00000, 0x00000000ffd00000| Complete 
|  62|0x00000000ffe00000, 0x00000000fff00000, 0x00000000fff00000|100%| E|CS|TAMS 0x00000000ffe00000, 0x00000000ffe00000| Complete 
|  63|0x00000000fff00000, 0x0000000100000000, 0x0000000100000000|100%| E|CS|TAMS 0x00000000fff00000, 0x00000000fff00000| Complete 

Card table byte_map: [0x0000027ffd090000,0x0000027ffd0b0000] _byte_map_base: 0x0000027ffc8b0000

Marking Bits (Prev, Next): (CMBitMap*) 0x0000027ffd2bb2d0, (CMBitMap*) 0x0000027ffd2bb310
 Prev Bits: [0x0000027ffd0d0000, 0x0000027ffd1d0000)
 Next Bits: [0x0000027ffd370000, 0x0000027ffd470000)

Polling page: 0x0000027ffb260000

Metaspace:

Usage:
  Non-class:      1.46 MB used.
      Class:    156.68 KB used.
       Both:      1.61 MB used.

Virtual space:
  Non-class space:       64.00 MB reserved,       1.50 MB (  2%) committed,  1 nodes.
      Class space:        1.00 GB reserved,     192.00 KB ( <1%) committed,  1 nodes.
             Both:        1.06 GB reserved,       1.69 MB ( <1%) committed. 

Chunk freelists:
   Non-Class:  11.69 MB
       Class:  15.69 MB
        Both:  27.39 MB

MaxMetaspaceSize: unlimited
CompressedClassSpaceSize: 1.00 GB
Initial GC threshold: 21.00 MB
Current GC threshold: 21.00 MB
CDS: on
MetaspaceReclaimPolicy: balanced
 - commit_granule_bytes: 65536.
 - commit_granule_words: 8192.
 - virtual_space_node_default_size: 8388608.
 - enlarge_chunks_in_place: 1.
 - new_chunks_are_fully_committed: 0.
 - uncommit_free_chunks: 1.
 - use_allocation_guard: 0.
 - handle_deallocations: 1.


Internal statistics:

num_allocs_failed_limit: 0.
num_arena_births: 12.
num_arena_deaths: 0.
num_vsnodes_births: 2.
num_vsnodes_deaths: 0.
num_space_committed: 27.
num_space_uncommitted: 0.
num_chunks_returned_to_freelist: 0.
num_chunks_taken_from_freelist: 41.
num_chunk_merges: 0.
num_chunk_splits: 20.
num_chunks_enlarged: 17.
num_inconsistent_stats: 0.

CodeHeap 'non-profiled nmethods': size=120000Kb used=107Kb max_used=107Kb free=119892Kb
 bounds [0x0000027f8f2a0000, 0x0000027f8f510000, 0x0000027f967d0000]
CodeHeap 'profiled nmethods': size=120000Kb used=676Kb max_used=676Kb free=119324Kb
 bounds [0x0000027f877d0000, 0x0000027f87a40000, 0x0000027f8ed00000]
CodeHeap 'non-nmethods': size=5760Kb used=1119Kb max_used=1133Kb free=4641Kb
 bounds [0x0000027f8ed00000, 0x0000027f8ef70000, 0x0000027f8f2a0000]
 total_blobs=806 nmethods=406 adapters=313
 compilation: enabled
              stopped_count=0, restarted_count=0
 full_count=0

Compilation events (20 events):
Event: 3.465 Thread 0x0000027f96932d70 nmethod 381 0x0000027f8786ec90 code [0x0000027f8786ee80, 0x0000027f8786f2b8]
Event: 3.466 Thread 0x0000027f96932d70  382       3       java.util.ArrayList$Itr::next (66 bytes)
Event: 3.467 Thread 0x0000027f96932d70 nmethod 382 0x0000027f8786f490 code [0x0000027f8786f680, 0x0000027f8786fa48]
Event: 3.467 Thread 0x0000027f96932d70  383       3       java.util.ArrayList$Itr::checkForComodification (23 bytes)
Event: 3.467 Thread 0x0000027f96932d70 nmethod 383 0x0000027f8786fc10 code [0x0000027f8786fdc0, 0x0000027f8786ff88]
Event: 3.467 Thread 0x0000027f96932d70  384       3       java.util.LinkedHashMap::newNode (23 bytes)
Event: 3.468 Thread 0x0000027f96932d70 nmethod 384 0x0000027f87870090 code [0x0000027f87870260, 0x0000027f87870648]
Event: 3.468 Thread 0x0000027f96932d70  385       3       java.io.WinNTFileSystem::isLetter (30 bytes)
Event: 3.468 Thread 0x0000027f96932d70 nmethod 385 0x0000027f87870810 code [0x0000027f878709a0, 0x0000027f87870bb8]
Event: 3.468 Thread 0x0000027f96932d70  386       3       java.util.LinkedHashMap$LinkedHashIterator::hasNext (13 bytes)
Event: 3.468 Thread 0x0000027f96931360  387 %     4       java.lang.StringLatin1::toLowerCase @ 117 (186 bytes)
Event: 3.468 Thread 0x0000027f96932d70 nmethod 386 0x0000027f87870c90 code [0x0000027f87870e20, 0x0000027f87870f98]
Event: 3.469 Thread 0x0000027f96932d70  388       3       java.util.LinkedHashMap$LinkedKeyIterator::next (8 bytes)
Event: 3.469 Thread 0x0000027f96932d70 nmethod 388 0x0000027f87871010 code [0x0000027f878711c0, 0x0000027f87871328]
Event: 3.469 Thread 0x0000027f96932d70  389       3       java.util.LinkedHashMap$LinkedHashIterator::nextNode (54 bytes)
Event: 3.469 Thread 0x0000027f96932d70 nmethod 389 0x0000027f87871410 code [0x0000027f878715e0, 0x0000027f87871918]
Event: 3.469 Thread 0x0000027f96932d70  390       3       java.util.regex.Pattern::skip (23 bytes)
Event: 3.469 Thread 0x0000027f96932d70 nmethod 390 0x0000027f87871a90 code [0x0000027f87871c20, 0x0000027f87871d58]
Event: 3.478 Thread 0x0000027f96932d70  392       3       java.lang.AbstractStringBuilder::appendChars (207 bytes)
Event: 3.479 Thread 0x0000027f96932d70 nmethod 392 0x0000027f87871e10 code [0x0000027f878720c0, 0x0000027f87873048]

GC Heap History (0 events):
No events

Deoptimization events (18 events):
Event: 1.926 Thread 0x0000027ffb1ce450 DEOPT PACKING pc=0x0000027f8782b80c sp=0x000000b3bc5f97e0
Event: 1.926 Thread 0x0000027ffb1ce450 DEOPT UNPACKING pc=0x0000027f8ed52b43 sp=0x000000b3bc5f8c70 mode 0
Event: 1.927 Thread 0x0000027ffb1ce450 DEOPT PACKING pc=0x0000027f8782b80c sp=0x000000b3bc5f97e0
Event: 1.927 Thread 0x0000027ffb1ce450 DEOPT UNPACKING pc=0x0000027f8ed52b43 sp=0x000000b3bc5f8c70 mode 0
Event: 1.927 Thread 0x0000027ffb1ce450 DEOPT PACKING pc=0x0000027f8782b80c sp=0x000000b3bc5f97e0
Event: 1.927 Thread 0x0000027ffb1ce450 DEOPT UNPACKING pc=0x0000027f8ed52b43 sp=0x000000b3bc5f8c70 mode 0
Event: 1.927 Thread 0x0000027ffb1ce450 DEOPT PACKING pc=0x0000027f8782b80c sp=0x000000b3bc5f97e0
Event: 1.928 Thread 0x0000027ffb1ce450 DEOPT UNPACKING pc=0x0000027f8ed52b43 sp=0x000000b3bc5f8c70 mode 0
Event: 1.940 Thread 0x0000027ffb1ce450 DEOPT PACKING pc=0x0000027f877e9f67 sp=0x000000b3bc5f9ae0
Event: 1.940 Thread 0x0000027ffb1ce450 DEOPT UNPACKING pc=0x0000027f8ed52b43 sp=0x000000b3bc5f8f00 mode 0
Event: 2.978 Thread 0x0000027ffb1ce450 DEOPT PACKING pc=0x0000027f8783b03e sp=0x000000b3bc5fd790
Event: 2.978 Thread 0x0000027ffb1ce450 DEOPT UNPACKING pc=0x0000027f8ed52b43 sp=0x000000b3bc5fcc08 mode 0
Event: 2.978 Thread 0x0000027ffb1ce450 DEOPT PACKING pc=0x0000027f877ff77e sp=0x000000b3bc5fd760
Event: 2.978 Thread 0x0000027ffb1ce450 DEOPT UNPACKING pc=0x0000027f8ed52b43 sp=0x000000b3bc5fcbd0 mode 0
Event: 2.978 Thread 0x0000027ffb1ce450 DEOPT PACKING pc=0x0000027f8783b03e sp=0x000000b3bc5fd790
Event: 2.978 Thread 0x0000027ffb1ce450 DEOPT UNPACKING pc=0x0000027f8ed52b43 sp=0x000000b3bc5fcc08 mode 0
Event: 2.979 Thread 0x0000027ffb1ce450 DEOPT PACKING pc=0x0000027f877ff77e sp=0x000000b3bc5fd760
Event: 2.979 Thread 0x0000027ffb1ce450 DEOPT UNPACKING pc=0x0000027f8ed52b43 sp=0x000000b3bc5fcbd0 mode 0

Classes unloaded (0 events):
No events

Classes redefined (0 events):
No events

Internal exceptions (1 events):
Event: 2.191 Thread 0x0000027ffb1ce450 Exception <a 'java/lang/NoSuchMethodError'{0x00000000ffc51260}: 'int java.lang.invoke.DirectMethodHandle$Holder.invokeStaticInit(java.lang.Object, java.lang.Object)'> (0x00000000ffc51260) 
thrown [s\open\src\hotspot\share\interpreter\linkResolver.cpp, line 759]

VM Operations (8 events):
Event: 0.505 Executing VM operation: HandshakeAllThreads
Event: 0.505 Executing VM operation: HandshakeAllThreads done
Event: 1.510 Executing VM operation: Cleanup
Event: 1.510 Executing VM operation: Cleanup done
Event: 2.521 Executing VM operation: Cleanup
Event: 2.521 Executing VM operation: Cleanup done
Event: 3.521 Executing VM operation: Cleanup
Event: 3.521 Executing VM operation: Cleanup done

Events (20 events):
Event: 1.898 loading class jdk/internal/access/JavaIOFilePermissionAccess done
Event: 1.898 loading class java/io/FilePermission$1 done
Event: 1.899 loading class java/io/FilePermissionCollection
Event: 1.900 loading class java/io/FilePermissionCollection done
Event: 1.900 loading class java/util/Vector
Event: 1.902 loading class java/util/Vector done
Event: 1.902 loading class java/io/FilePermissionCollection$1
Event: 1.903 loading class java/io/FilePermissionCollection$1 done
Event: 1.905 loading class sun/security/util/ManifestEntryVerifier
Event: 1.905 loading class sun/security/util/ManifestEntryVerifier done
Event: 2.205 loading class java/net/MalformedURLException
Event: 2.207 loading class java/net/MalformedURLException done
Event: 2.209 loading class java/io/FileFilter
Event: 2.209 loading class java/io/FileFilter done
Event: 2.570 loading class java/util/AbstractList$Itr
Event: 2.644 loading class java/util/AbstractList$Itr done
Event: 2.647 loading class java/util/zip/ZipException
Event: 2.690 loading class java/util/zip/ZipException done
Event: 2.962 loading class java/lang/invoke/DirectMethodHandle$Special
Event: 2.972 loading class java/lang/invoke/DirectMethodHandle$Special done


Dynamic libraries:
0x00007ff627c10000 - 0x00007ff627c20000 	C:\Program Files\Java\jdk-17\bin\java.exe
0x00007ffbda1f0000 - 0x00007ffbda3e8000 	C:\WINDOWS\SYSTEM32\ntdll.dll
0x00007ffbd9350000 - 0x00007ffbd940d000 	C:\WINDOWS\System32\KERNEL32.DLL
0x00007ffbd7ae0000 - 0x00007ffbd7dd6000 	C:\WINDOWS\System32\KERNELBASE.dll
0x00007ffbd80e0000 - 0x00007ffbd81e0000 	C:\WINDOWS\System32\ucrtbase.dll
0x00007ffbd17e0000 - 0x00007ffbd17fb000 	C:\Program Files\Java\jdk-17\bin\VCRUNTIME140.dll
0x00007ffbd17c0000 - 0x00007ffbd17d9000 	C:\Program Files\Java\jdk-17\bin\jli.dll
0x00007ffbd94e0000 - 0x00007ffbd9590000 	C:\WINDOWS\System32\ADVAPI32.dll
0x00007ffbd87f0000 - 0x00007ffbd888e000 	C:\WINDOWS\System32\msvcrt.dll
0x00007ffbd92b0000 - 0x00007ffbd9350000 	C:\WINDOWS\System32\sechost.dll
0x00007ffbd9590000 - 0x00007ffbd96b3000 	C:\WINDOWS\System32\RPCRT4.dll
0x00007ffbd8000000 - 0x00007ffbd8027000 	C:\WINDOWS\System32\bcrypt.dll
0x00007ffbd99f0000 - 0x00007ffbd9b8f000 	C:\WINDOWS\System32\USER32.dll
0x00007ffbd7f40000 - 0x00007ffbd7f62000 	C:\WINDOWS\System32\win32u.dll
0x00007ffbd9280000 - 0x00007ffbd92ab000 	C:\WINDOWS\System32\GDI32.dll
0x00007ffbc68b0000 - 0x00007ffbc6b4a000 	C:\WINDOWS\WinSxS\amd64_microsoft.windows.common-controls_6595b64144ccf1df_6.0.19041.4355_none_60b8b9eb71f62e16\COMCTL32.dll
0x00007ffbd78b0000 - 0x00007ffbd79c7000 	C:\WINDOWS\System32\gdi32full.dll
0x00007ffbd7a40000 - 0x00007ffbd7add000 	C:\WINDOWS\System32\msvcp_win.dll
0x00007ffbc7b20000 - 0x00007ffbc7b2a000 	C:\WINDOWS\SYSTEM32\VERSION.dll
0x00007ffbd96c0000 - 0x00007ffbd96ef000 	C:\WINDOWS\System32\IMM32.DLL
0x00007ffbd1fd0000 - 0x00007ffbd1fdc000 	C:\Program Files\Java\jdk-17\bin\vcruntime140_1.dll
0x00007ffbbc510000 - 0x00007ffbbc59e000 	C:\Program Files\Java\jdk-17\bin\msvcp140.dll
0x00007ffb98390000 - 0x00007ffb98f71000 	C:\Program Files\Java\jdk-17\bin\server\jvm.dll
0x00007ffbd9830000 - 0x00007ffbd9838000 	C:\WINDOWS\System32\PSAPI.DLL
0x00007ffbc99f0000 - 0x00007ffbc9a17000 	C:\WINDOWS\SYSTEM32\WINMM.dll
0x00007ffbd1720000 - 0x00007ffbd1729000 	C:\WINDOWS\SYSTEM32\WSOCK32.dll
0x00007ffbd8920000 - 0x00007ffbd898b000 	C:\WINDOWS\System32\WS2_32.dll
0x00007ffbd5730000 - 0x00007ffbd5742000 	C:\WINDOWS\SYSTEM32\kernel.appcore.dll
0x00007ffbd12e0000 - 0x00007ffbd12ea000 	C:\Program Files\Java\jdk-17\bin\jimage.dll
0x00007ffbcab80000 - 0x00007ffbcad64000 	C:\WINDOWS\SYSTEM32\DBGHELP.DLL
0x00007ffbcab00000 - 0x00007ffbcab34000 	C:\WINDOWS\SYSTEM32\dbgcore.DLL
0x00007ffbd7f70000 - 0x00007ffbd7ff2000 	C:\WINDOWS\System32\bcryptPrimitives.dll
0x00007ffbc15a0000 - 0x00007ffbc15c5000 	C:\Program Files\Java\jdk-17\bin\java.dll
0x00007ffbb99e0000 - 0x00007ffbb9ab7000 	C:\Program Files\Java\jdk-17\bin\jsvml.dll
0x00007ffbd89f0000 - 0x00007ffbd915c000 	C:\WINDOWS\System32\SHELL32.dll
0x00007ffbd5930000 - 0x00007ffbd60cd000 	C:\WINDOWS\SYSTEM32\windows.storage.dll
0x00007ffbd9da0000 - 0x00007ffbda0f3000 	C:\WINDOWS\System32\combase.dll
0x00007ffbd72d0000 - 0x00007ffbd72fe000 	C:\WINDOWS\SYSTEM32\Wldp.dll
0x00007ffbd8230000 - 0x00007ffbd82fd000 	C:\WINDOWS\System32\OLEAUT32.dll
0x00007ffbd9430000 - 0x00007ffbd94dd000 	C:\WINDOWS\System32\SHCORE.dll
0x00007ffbd8770000 - 0x00007ffbd87c5000 	C:\WINDOWS\System32\shlwapi.dll
0x00007ffbd77e0000 - 0x00007ffbd7804000 	C:\WINDOWS\SYSTEM32\profapi.dll
0x00007ffbc1400000 - 0x00007ffbc1419000 	C:\Program Files\Java\jdk-17\bin\net.dll
0x00007ffbce020000 - 0x00007ffbce12a000 	C:\WINDOWS\SYSTEM32\WINHTTP.dll
0x00007ffbd7030000 - 0x00007ffbd709a000 	C:\WINDOWS\system32\mswsock.dll
0x00007ffbc13a0000 - 0x00007ffbc13b6000 	C:\Program Files\Java\jdk-17\bin\nio.dll
0x00007ffbc1380000 - 0x00007ffbc1398000 	C:\Program Files\Java\jdk-17\bin\zip.dll

dbghelp: loaded successfully - version: 4.0.5 - missing functions: none
symbol engine: initialized successfully - sym options: 0x614 - pdb path: .;C:\Program Files\Java\jdk-17\bin;C:\WINDOWS\SYSTEM32;C:\WINDOWS\WinSxS\amd64_microsoft.windows.common-controls_6595b64144ccf1df_6.0.19041.4355_none_60b8b9eb71f62e16;C:\Program Files\Java\jdk-17\bin\server

VM Arguments:
jvm_args: -Xmx64m -Xms64m -Dorg.gradle.appname=gradlew 
java_command: org.gradle.wrapper.GradleWrapperMain tasks
java_class_path (initial): C:\Users\fezia\Glam\android\\gradle\wrapper\gradle-wrapper.jar
Launcher Type: SUN_STANDARD

[Global flags]
     intx CICompilerCount                          = 3                                         {product} {ergonomic}
     uint ConcGCThreads                            = 1                                         {product} {ergonomic}
     uint G1ConcRefinementThreads                  = 4                                         {product} {ergonomic}
   size_t G1HeapRegionSize                         = 1048576                                   {product} {ergonomic}
    uintx GCDrainStackTargetSize                   = 64                                        {product} {ergonomic}
   size_t InitialHeapSize                          = 67108864                                  {product} {command line}
   size_t MarkStackSize                            = 4194304                                   {product} {ergonomic}
   size_t MaxHeapSize                              = 67108864                                  {product} {command line}
   size_t MaxNewSize                               = 39845888                                  {product} {ergonomic}
   size_t MinHeapDeltaBytes                        = 1048576                                   {product} {ergonomic}
   size_t MinHeapSize                              = 67108864                                  {product} {command line}
    uintx NonNMethodCodeHeapSize                   = 5832780                                {pd product} {ergonomic}
    uintx NonProfiledCodeHeapSize                  = 122912730                              {pd product} {ergonomic}
    uintx ProfiledCodeHeapSize                     = 122912730                              {pd product} {ergonomic}
    uintx ReservedCodeCacheSize                    = 251658240                              {pd product} {ergonomic}
     bool SegmentedCodeCache                       = true                                      {product} {ergonomic}
   size_t SoftMaxHeapSize                          = 67108864                               {manageable} {ergonomic}
     bool UseCompressedClassPointers               = true                           {product lp64_product} {ergonomic}
     bool UseCompressedOops                        = true                           {product lp64_product} {ergonomic}
     bool UseG1GC                                  = true                                      {product} {ergonomic}
     bool UseLargePagesIndividualAllocation        = false                                  {pd product} {ergonomic}

Logging:
Log output configuration:
 #0: stdout all=warning uptime,level,tags
 #1: stderr all=off uptime,level,tags

Environment Variables:
JAVA_HOME=C:\Program Files\Java\jdk-17
CLASSPATH=C:\Users\fezia\Glam\android\\gradle\wrapper\gradle-wrapper.jar
PATH=C:\Users\fezia\AppData\Local\Temp\yarn--1719837015065-0.7263958773148687;C:\Users\fezia\Glam\node_modules\.bin;C:\Users\fezia\AppData\Local\Yarn\Data\link\node_modules\.bin;C:\Users\fezia\AppData\Local\Yarn\bin;C:\Program Files\libexec\lib\node_modules\npm\bin\node-gyp-bin;C:\Program Files\lib\node_modules\npm\bin\node-gyp-bin;C:\Program Files\nodejs\node_modules\npm\bin\node-gyp-bin;C:\Program Files\Common Files\Oracle\Java\javapath;C:\Program Files\Microsoft\jdk-11.0.20.8-hotspot\bin;C:\WINDOWS\system32;C:\WINDOWS;C:\WINDOWS\System32\Wbem;C:\WINDOWS\System32\WindowsPowerShell\v1.0\;C:\WINDOWS\System32\OpenSSH\;C:\ProgramData\chocolatey\bin;C:\Users\fezia\AppData\Local\Android\Sdk\platform-tools;C:\Program Files\Git\cmd;C:\Users\fezia\AppData\Roaming\nvm;C:\Program Files\nodejs;C:\Program Files\nodejs\;C:\Users\fezia\AppData\Local\Programs\Python\Python312\Scripts\;C:\Users\fezia\AppData\Local\Programs\Python\Python312\;C:\Users\fezia\AppData\Local\Programs\Python\Launcher\;C:\Users\fezia\AppData\Local\Microsoft\WindowsApps;C:\Users\fezia\AppData\Roaming\nvm;C:\Program Files\nodejs;C:\Users\fezia\AppData\Roaming\npm;C:\Users\fezia\AppData\Local\Programs\Microsoft VS Code\bin
USERNAME=fezia
OS=Windows_NT
PROCESSOR_IDENTIFIER=Intel64 Family 6 Model 58 Stepping 9, GenuineIntel



---------------  S Y S T E M  ---------------

OS:
 Windows 10 , 64 bit Build 19041 (10.0.19041.3636)
OS uptime: 13 days 22:23 hours

CPU: total 4 (initial active 4) (2 cores per cpu, 2 threads per core) family 6 model 58 stepping 9 microcode 0x21, cx8, cmov, fxsr, ht, mmx, sse, sse2, sse3, ssse3, sse4.1, sse4.2, popcnt, tsc, tscinvbit, avx, aes, erms, clmul, vzeroupper, clflush

Memory: 4k page, system-wide physical 8055M (275M free)
TotalPageFile size 22915M (AvailPageFile size 0M)
current process WorkingSet (physical memory assigned to process): 44M, peak: 44M
current process commit charge ("private bytes"): 138M, peak: 138M

vm_info: Java HotSpot(TM) 64-Bit Server VM (17.0.9+11-LTS-201) for windows-amd64 JRE (17.0.9+11-LTS-201), built on Oct 10 2023 23:16:06 by "mach5one" with MS VC++ 17.1 (VS2022)

END.
